stm32f3xx_hal_sdadc.c:2478:26:SDADC_RegConvStop	24	static
stm32f3xx_hal_sdadc.c:2602:26:SDADC_InjConvStop	24	static
stm32f3xx_hal_sdadc.c:380:13:HAL_SDADC_MspInit	0	static
stm32f3xx_hal_sdadc.c:269:19:HAL_SDADC_Init	16	static
stm32f3xx_hal_sdadc.c:395:13:HAL_SDADC_MspDeInit	0	static
stm32f3xx_hal_sdadc.c:341:19:HAL_SDADC_DeInit	16	static
stm32f3xx_hal_sdadc.c:441:19:HAL_SDADC_PrepareChannelConfig	24	static
stm32f3xx_hal_sdadc.c:501:19:HAL_SDADC_AssociateChannelConfig	24	static
stm32f3xx_hal_sdadc.c:561:19:HAL_SDADC_ConfigChannel	8	static
stm32f3xx_hal_sdadc.c:606:19:HAL_SDADC_InjectedConfigChannel	8	static
stm32f3xx_hal_sdadc.c:654:19:HAL_SDADC_SelectRegularTrigger	0	static
stm32f3xx_hal_sdadc.c:694:19:HAL_SDADC_SelectInjectedTrigger	0	static
stm32f3xx_hal_sdadc.c:734:19:HAL_SDADC_SelectInjectedExtTrigger	24	static
stm32f3xx_hal_sdadc.c:785:19:HAL_SDADC_SelectInjectedDelay	16	static
stm32f3xx_hal_sdadc.c:831:19:HAL_SDADC_MultiModeConfigChannel	0	static
stm32f3xx_hal_sdadc.c:870:19:HAL_SDADC_InjectedMultiModeConfigChannel	0	static
stm32f3xx_hal_sdadc.c:943:19:HAL_SDADC_CalibrationStart	16	static
stm32f3xx_hal_sdadc.c:993:19:HAL_SDADC_PollForCalibEvent	16	static
stm32f3xx_hal_sdadc.c:1044:19:HAL_SDADC_CalibrationStart_IT	16	static
stm32f3xx_hal_sdadc.c:1097:19:HAL_SDADC_Start	16	static
stm32f3xx_hal_sdadc.c:1186:19:HAL_SDADC_Stop	24	static
stm32f3xx_hal_sdadc.c:1216:19:HAL_SDADC_Start_IT	16	static
stm32f3xx_hal_sdadc.c:1247:19:HAL_SDADC_Stop_IT	24	static
stm32f3xx_hal_sdadc.c:1282:19:HAL_SDADC_Start_DMA	24	static
stm32f3xx_hal_sdadc.c:1354:19:HAL_SDADC_Stop_DMA	8	static
stm32f3xx_hal_sdadc.c:1395:10:HAL_SDADC_GetValue	0	static
stm32f3xx_hal_sdadc.c:1411:19:HAL_SDADC_InjectedStart	16	static
stm32f3xx_hal_sdadc.c:1511:19:HAL_SDADC_InjectedStop	24	static
stm32f3xx_hal_sdadc.c:1541:19:HAL_SDADC_InjectedStart_IT	16	static
stm32f3xx_hal_sdadc.c:1572:19:HAL_SDADC_InjectedStop_IT	24	static
stm32f3xx_hal_sdadc.c:1607:19:HAL_SDADC_InjectedStart_DMA	24	static
stm32f3xx_hal_sdadc.c:1679:19:HAL_SDADC_InjectedStop_DMA	8	static
stm32f3xx_hal_sdadc.c:1721:10:HAL_SDADC_InjectedGetValue	0	static
stm32f3xx_hal_sdadc.c:1747:19:HAL_SDADC_MultiModeStart_DMA	24	static
stm32f3xx_hal_sdadc.c:1832:19:HAL_SDADC_MultiModeStop_DMA	8	static
stm32f3xx_hal_sdadc.c:1878:10:HAL_SDADC_MultiModeGetValue	0	static
stm32f3xx_hal_sdadc.c:1903:19:HAL_SDADC_InjectedMultiModeStart_DMA	24	static
stm32f3xx_hal_sdadc.c:1988:19:HAL_SDADC_InjectedMultiModeStop_DMA	8	static
stm32f3xx_hal_sdadc.c:2034:10:HAL_SDADC_InjectedMultiModeGetValue	0	static
stm32f3xx_hal_sdadc.c:2161:13:HAL_SDADC_CalibrationCpltCallback	0	static
stm32f3xx_hal_sdadc.c:2176:13:HAL_SDADC_ConvHalfCpltCallback	0	static
stm32f3xx_hal_sdadc.c:2255:13:SDADC_DMARegularHalfConvCplt	8	static
stm32f3xx_hal_sdadc.c:2193:13:HAL_SDADC_ConvCpltCallback	0	static
stm32f3xx_hal_sdadc.c:2269:13:SDADC_DMARegularConvCplt	8	static
stm32f3xx_hal_sdadc.c:2208:13:HAL_SDADC_InjectedConvHalfCpltCallback	0	static
stm32f3xx_hal_sdadc.c:2283:13:SDADC_DMAInjectedHalfConvCplt	8	static
stm32f3xx_hal_sdadc.c:2225:13:HAL_SDADC_InjectedConvCpltCallback	0	static
stm32f3xx_hal_sdadc.c:2297:13:SDADC_DMAInjectedConvCplt	8	static
stm32f3xx_hal_sdadc.c:2240:13:HAL_SDADC_ErrorCallback	0	static
stm32f3xx_hal_sdadc.c:1126:19:HAL_SDADC_PollForConversion	16	static
stm32f3xx_hal_sdadc.c:2311:13:SDADC_DMAError	8	static
stm32f3xx_hal_sdadc.c:1440:19:HAL_SDADC_PollForInjectedConversion	16	static
stm32f3xx_hal_sdadc.c:2055:6:HAL_SDADC_IRQHandler	8	static
stm32f3xx_hal_sdadc.c:2347:24:HAL_SDADC_GetState	0	static
stm32f3xx_hal_sdadc.c:2357:10:HAL_SDADC_GetError	0	static
