Archive member included to satisfy reference by file (symbol)

c:/program files/stm32cubeide_1.0.2/stm32cubeide/plugins/com.st.stm32cube.ide.mcu.externaltools.gnu-tools-for-stm32.7-2018-q2-update.win32_1.0.0.201904181610/tools/bin/../lib/gcc/arm-none-eabi/7.3.1/../../../../arm-none-eabi/lib/thumb/v7e-m/fpv4-sp/hard\libc_nano.a(lib_a-errno.o)
                              Src/syscalls.o (__errno)
c:/program files/stm32cubeide_1.0.2/stm32cubeide/plugins/com.st.stm32cube.ide.mcu.externaltools.gnu-tools-for-stm32.7-2018-q2-update.win32_1.0.0.201904181610/tools/bin/../lib/gcc/arm-none-eabi/7.3.1/../../../../arm-none-eabi/lib/thumb/v7e-m/fpv4-sp/hard\libc_nano.a(lib_a-exit.o)
                              c:/program files/stm32cubeide_1.0.2/stm32cubeide/plugins/com.st.stm32cube.ide.mcu.externaltools.gnu-tools-for-stm32.7-2018-q2-update.win32_1.0.0.201904181610/tools/bin/../lib/gcc/arm-none-eabi/7.3.1/../../../../arm-none-eabi/lib/thumb/v7e-m/fpv4-sp/hard/crt0.o (exit)
c:/program files/stm32cubeide_1.0.2/stm32cubeide/plugins/com.st.stm32cube.ide.mcu.externaltools.gnu-tools-for-stm32.7-2018-q2-update.win32_1.0.0.201904181610/tools/bin/../lib/gcc/arm-none-eabi/7.3.1/../../../../arm-none-eabi/lib/thumb/v7e-m/fpv4-sp/hard\libc_nano.a(lib_a-impure.o)
                              c:/program files/stm32cubeide_1.0.2/stm32cubeide/plugins/com.st.stm32cube.ide.mcu.externaltools.gnu-tools-for-stm32.7-2018-q2-update.win32_1.0.0.201904181610/tools/bin/../lib/gcc/arm-none-eabi/7.3.1/../../../../arm-none-eabi/lib/thumb/v7e-m/fpv4-sp/hard\libc_nano.a(lib_a-exit.o) (_global_impure_ptr)
c:/program files/stm32cubeide_1.0.2/stm32cubeide/plugins/com.st.stm32cube.ide.mcu.externaltools.gnu-tools-for-stm32.7-2018-q2-update.win32_1.0.0.201904181610/tools/bin/../lib/gcc/arm-none-eabi/7.3.1/../../../../arm-none-eabi/lib/thumb/v7e-m/fpv4-sp/hard\libc_nano.a(lib_a-init.o)
                              c:/program files/stm32cubeide_1.0.2/stm32cubeide/plugins/com.st.stm32cube.ide.mcu.externaltools.gnu-tools-for-stm32.7-2018-q2-update.win32_1.0.0.201904181610/tools/bin/../lib/gcc/arm-none-eabi/7.3.1/../../../../arm-none-eabi/lib/thumb/v7e-m/fpv4-sp/hard/crt0.o (__libc_init_array)
c:/program files/stm32cubeide_1.0.2/stm32cubeide/plugins/com.st.stm32cube.ide.mcu.externaltools.gnu-tools-for-stm32.7-2018-q2-update.win32_1.0.0.201904181610/tools/bin/../lib/gcc/arm-none-eabi/7.3.1/../../../../arm-none-eabi/lib/thumb/v7e-m/fpv4-sp/hard\libc_nano.a(lib_a-memset.o)
                              c:/program files/stm32cubeide_1.0.2/stm32cubeide/plugins/com.st.stm32cube.ide.mcu.externaltools.gnu-tools-for-stm32.7-2018-q2-update.win32_1.0.0.201904181610/tools/bin/../lib/gcc/arm-none-eabi/7.3.1/../../../../arm-none-eabi/lib/thumb/v7e-m/fpv4-sp/hard/crt0.o (memset)

Allocating common symbols
Common symbol       size              file

hUsbDeviceFS        0x224             Src/usb_device.o
hdma_sdadc1         0x44              Src/main.o
sdadc3_data_buf     0x7d0             Src/main.o
hdma_sdadc3         0x44              Src/main.o
uwTick              0x4               Drivers/STM32F3xx_HAL_Driver/Src/stm32f3xx_hal.o
pFlash              0x20              Drivers/STM32F3xx_HAL_Driver/Src/stm32f3xx_hal_flash.o
UserRxBufferFS      0x40              Src/main.o
hdma_sdadc2         0x44              Src/main.o
sdadc2_data_buf     0x7d0             Src/main.o
UserTxBufferFS      0x40              Src/main.o
hsdadc1             0x44              Src/main.o
hsdadc2             0x44              Src/main.o
sdadc1_data_buf     0x7d0             Src/main.o
hspi1               0x64              Src/main.o
hpcd_USB_FS         0x3a8             Src/usbd_conf.o
USBD_StrDesc        0x200             Src/usbd_desc.o
hsdadc3             0x44              Src/main.o

Discarded input sections

 .text          0x0000000000000000        0x0 c:/program files/stm32cubeide_1.0.2/stm32cubeide/plugins/com.st.stm32cube.ide.mcu.externaltools.gnu-tools-for-stm32.7-2018-q2-update.win32_1.0.0.201904181610/tools/bin/../lib/gcc/arm-none-eabi/7.3.1/thumb/v7e-m/fpv4-sp/hard/crti.o
 .data          0x0000000000000000        0x0 c:/program files/stm32cubeide_1.0.2/stm32cubeide/plugins/com.st.stm32cube.ide.mcu.externaltools.gnu-tools-for-stm32.7-2018-q2-update.win32_1.0.0.201904181610/tools/bin/../lib/gcc/arm-none-eabi/7.3.1/thumb/v7e-m/fpv4-sp/hard/crti.o
 .bss           0x0000000000000000        0x0 c:/program files/stm32cubeide_1.0.2/stm32cubeide/plugins/com.st.stm32cube.ide.mcu.externaltools.gnu-tools-for-stm32.7-2018-q2-update.win32_1.0.0.201904181610/tools/bin/../lib/gcc/arm-none-eabi/7.3.1/thumb/v7e-m/fpv4-sp/hard/crti.o
 .data          0x0000000000000000        0x4 c:/program files/stm32cubeide_1.0.2/stm32cubeide/plugins/com.st.stm32cube.ide.mcu.externaltools.gnu-tools-for-stm32.7-2018-q2-update.win32_1.0.0.201904181610/tools/bin/../lib/gcc/arm-none-eabi/7.3.1/thumb/v7e-m/fpv4-sp/hard/crtbegin.o
[...]
Memory Configuration

Name             Origin             Length             Attributes
RAM              0x0000000020000000 0x0000000000006000 xrw
FLASH            0x0000000008000000 0x0000000000020000 xr
*default*        0x0000000000000000 0xffffffffffffffff

Linker script and memory map

LOAD c:/program files/stm32cubeide_1.0.2/stm32cubeide/plugins/com.st.stm32cube.ide.mcu.externaltools.gnu-tools-for-stm32.7-2018-q2-update.win32_1.0.0.201904181610/tools/bin/../lib/gcc/arm-none-eabi/7.3.1/thumb/v7e-m/fpv4-sp/hard/crti.o
LOAD c:/program files/stm32cubeide_1.0.2/stm32cubeide/plugins/com.st.stm32cube.ide.mcu.externaltools.gnu-tools-for-stm32.7-2018-q2-update.win32_1.0.0.201904181610/tools/bin/../lib/gcc/arm-none-eabi/7.3.1/thumb/v7e-m/fpv4-sp/hard/crtbegin.o
LOAD c:/program files/stm32cubeide_1.0.2/stm32cubeide/plugins/com.st.stm32cube.ide.mcu.externaltools.gnu-tools-for-stm32.7-2018-q2-update.win32_1.0.0.201904181610/tools/bin/../lib/gcc/arm-none-eabi/7.3.1/../../../../arm-none-eabi/lib/thumb/v7e-m/fpv4-sp/hard/crt0.o
LOAD Drivers/STM32F3xx_HAL_Driver/Src/stm32f3xx_hal.o
LOAD Drivers/STM32F3xx_HAL_Driver/Src/stm32f3xx_hal_cortex.o
LOAD Drivers/STM32F3xx_HAL_Driver/Src/stm32f3xx_hal_dma.o
LOAD Drivers/STM32F3xx_HAL_Driver/Src/stm32f3xx_hal_flash.o
LOAD Drivers/STM32F3xx_HAL_Driver/Src/stm32f3xx_hal_flash_ex.o
LOAD Drivers/STM32F3xx_HAL_Driver/Src/stm32f3xx_hal_gpio.o
LOAD Drivers/STM32F3xx_HAL_Driver/Src/stm32f3xx_hal_i2c.o
LOAD Drivers/STM32F3xx_HAL_Driver/Src/stm32f3xx_hal_i2c_ex.o
LOAD Drivers/STM32F3xx_HAL_Driver/Src/stm32f3xx_hal_pcd.o
LOAD Drivers/STM32F3xx_HAL_Driver/Src/stm32f3xx_hal_pcd_ex.o
LOAD Drivers/STM32F3xx_HAL_Driver/Src/stm32f3xx_hal_pwr.o
LOAD Drivers/STM32F3xx_HAL_Driver/Src/stm32f3xx_hal_pwr_ex.o
LOAD Drivers/STM32F3xx_HAL_Driver/Src/stm32f3xx_hal_rcc.o
LOAD Drivers/STM32F3xx_HAL_Driver/Src/stm32f3xx_hal_rcc_ex.o
LOAD Drivers/STM32F3xx_HAL_Driver/Src/stm32f3xx_hal_sdadc.o
LOAD Drivers/STM32F3xx_HAL_Driver/Src/stm32f3xx_hal_spi.o
LOAD Drivers/STM32F3xx_HAL_Driver/Src/stm32f3xx_hal_spi_ex.o
LOAD Drivers/STM32F3xx_HAL_Driver/Src/stm32f3xx_hal_tim.o
LOAD Drivers/STM32F3xx_HAL_Driver/Src/stm32f3xx_hal_tim_ex.o
LOAD Middlewares/ST/STM32_USB_Device_Library/Class/CDC/Src/usbd_cdc.o
LOAD Middlewares/ST/STM32_USB_Device_Library/Core/Src/usbd_core.o
LOAD Middlewares/ST/STM32_USB_Device_Library/Core/Src/usbd_ctlreq.o
LOAD Middlewares/ST/STM32_USB_Device_Library/Core/Src/usbd_ioreq.o
LOAD Src/fifo.o
LOAD Src/main.o
LOAD Src/stm32f3xx_hal_msp.o
LOAD Src/stm32f3xx_it.o
LOAD Src/syscalls.o
LOAD Src/sysmem.o
LOAD Src/system_stm32f3xx.o
LOAD Src/usb_device.o
LOAD Src/usbd_cdc_if.o
LOAD Src/usbd_conf.o
LOAD Src/usbd_desc.o
LOAD Startup/startup_stm32f373cbtx.o
START GROUP
LOAD c:/program files/stm32cubeide_1.0.2/stm32cubeide/plugins/com.st.stm32cube.ide.mcu.externaltools.gnu-tools-for-stm32.7-2018-q2-update.win32_1.0.0.201904181610/tools/bin/../lib/gcc/arm-none-eabi/7.3.1/../../../../arm-none-eabi/lib/thumb/v7e-m/fpv4-sp/hard\libc_nano.a
LOAD c:/program files/stm32cubeide_1.0.2/stm32cubeide/plugins/com.st.stm32cube.ide.mcu.externaltools.gnu-tools-for-stm32.7-2018-q2-update.win32_1.0.0.201904181610/tools/bin/../lib/gcc/arm-none-eabi/7.3.1/../../../../arm-none-eabi/lib/thumb/v7e-m/fpv4-sp/hard\libm.a
END GROUP
START GROUP
LOAD c:/program files/stm32cubeide_1.0.2/stm32cubeide/plugins/com.st.stm32cube.ide.mcu.externaltools.gnu-tools-for-stm32.7-2018-q2-update.win32_1.0.0.201904181610/tools/bin/../lib/gcc/arm-none-eabi/7.3.1/thumb/v7e-m/fpv4-sp/hard\libgcc.a
LOAD c:/program files/stm32cubeide_1.0.2/stm32cubeide/plugins/com.st.stm32cube.ide.mcu.externaltools.gnu-tools-for-stm32.7-2018-q2-update.win32_1.0.0.201904181610/tools/bin/../lib/gcc/arm-none-eabi/7.3.1/../../../../arm-none-eabi/lib/thumb/v7e-m/fpv4-sp/hard\libc_nano.a
END GROUP
START GROUP
LOAD c:/program files/stm32cubeide_1.0.2/stm32cubeide/plugins/com.st.stm32cube.ide.mcu.externaltools.gnu-tools-for-stm32.7-2018-q2-update.win32_1.0.0.201904181610/tools/bin/../lib/gcc/arm-none-eabi/7.3.1/thumb/v7e-m/fpv4-sp/hard\libgcc.a
LOAD c:/program files/stm32cubeide_1.0.2/stm32cubeide/plugins/com.st.stm32cube.ide.mcu.externaltools.gnu-tools-for-stm32.7-2018-q2-update.win32_1.0.0.201904181610/tools/bin/../lib/gcc/arm-none-eabi/7.3.1/../../../../arm-none-eabi/lib/thumb/v7e-m/fpv4-sp/hard\libc_nano.a
LOAD c:/program files/stm32cubeide_1.0.2/stm32cubeide/plugins/com.st.stm32cube.ide.mcu.externaltools.gnu-tools-for-stm32.7-2018-q2-update.win32_1.0.0.201904181610/tools/bin/../lib/gcc/arm-none-eabi/7.3.1/../../../../arm-none-eabi/lib/thumb/v7e-m/fpv4-sp/hard\libnosys.a
END GROUP
START GROUP
LOAD c:/program files/stm32cubeide_1.0.2/stm32cubeide/plugins/com.st.stm32cube.ide.mcu.externaltools.gnu-tools-for-stm32.7-2018-q2-update.win32_1.0.0.201904181610/tools/bin/../lib/gcc/arm-none-eabi/7.3.1/thumb/v7e-m/fpv4-sp/hard\libgcc.a
LOAD c:/program files/stm32cubeide_1.0.2/stm32cubeide/plugins/com.st.stm32cube.ide.mcu.externaltools.gnu-tools-for-stm32.7-2018-q2-update.win32_1.0.0.201904181610/tools/bin/../lib/gcc/arm-none-eabi/7.3.1/../../../../arm-none-eabi/lib/thumb/v7e-m/fpv4-sp/hard\libc_nano.a
LOAD c:/program files/stm32cubeide_1.0.2/stm32cubeide/plugins/com.st.stm32cube.ide.mcu.externaltools.gnu-tools-for-stm32.7-2018-q2-update.win32_1.0.0.201904181610/tools/bin/../lib/gcc/arm-none-eabi/7.3.1/../../../../arm-none-eabi/lib/thumb/v7e-m/fpv4-sp/hard\libnosys.a
END GROUP
LOAD c:/program files/stm32cubeide_1.0.2/stm32cubeide/plugins/com.st.stm32cube.ide.mcu.externaltools.gnu-tools-for-stm32.7-2018-q2-update.win32_1.0.0.201904181610/tools/bin/../lib/gcc/arm-none-eabi/7.3.1/thumb/v7e-m/fpv4-sp/hard/crtend.o
LOAD c:/program files/stm32cubeide_1.0.2/stm32cubeide/plugins/com.st.stm32cube.ide.mcu.externaltools.gnu-tools-for-stm32.7-2018-q2-update.win32_1.0.0.201904181610/tools/bin/../lib/gcc/arm-none-eabi/7.3.1/thumb/v7e-m/fpv4-sp/hard/crtn.o
                0x0000000020006000                _estack = 0x20006000
                0x0000000000000200                _Min_Heap_Size = 0x200
                0x0000000000000400                _Min_Stack_Size = 0x400

.isr_vector     0x0000000008000000      0x188
                0x0000000008000000                . = ALIGN (0x4)
 *(.isr_vector)
 .isr_vector    0x0000000008000000      0x188 Startup/startup_stm32f373cbtx.o
                0x0000000008000000                g_pfnVectors
                0x0000000008000188                . = ALIGN (0x4)

.text           0x0000000008000188     0x449c
                0x0000000008000188                . = ALIGN (0x4)
 *(.text)
 .text          0x0000000008000188       0x40 c:/program files/stm32cubeide_1.0.2/stm32cubeide/plugins/com.st.stm32cube.ide.mcu.externaltools.gnu-tools-for-stm32.7-2018-q2-update.win32_1.0.0.201904181610/tools/bin/../lib/gcc/arm-none-eabi/7.3.1/thumb/v7e-m/fpv4-sp/hard/crtbegin.o
 *(.text*)
 .text.HAL_InitTick
                0x00000000080001c8       0x48 Drivers/STM32F3xx_HAL_Driver/Src/stm32f3xx_hal.o
                0x00000000080001c8                HAL_InitTick
 .text.HAL_Init
                0x0000000008000210       0x24 Drivers/STM32F3xx_HAL_Driver/Src/stm32f3xx_hal.o
                0x0000000008000210                HAL_Init
 .text.HAL_IncTick
                0x0000000008000234       0x18 Drivers/STM32F3xx_HAL_Driver/Src/stm32f3xx_hal.o
                0x0000000008000234                HAL_IncTick
 .text.HAL_GetTick
                0x000000000800024c        0xc Drivers/STM32F3xx_HAL_Driver/Src/stm32f3xx_hal.o
                0x000000000800024c                HAL_GetTick
 .text.HAL_Delay
                0x0000000008000258       0x24 Drivers/STM32F3xx_HAL_Driver/Src/stm32f3xx_hal.o
                0x0000000008000258                HAL_Delay
 .text.HAL_NVIC_SetPriorityGrouping
                0x000000000800027c       0x24 Drivers/STM32F3xx_HAL_Driver/Src/stm32f3xx_hal_cortex.o
                0x000000000800027c                HAL_NVIC_SetPriorityGrouping
 .text.HAL_NVIC_SetPriority
                0x00000000080002a0       0x6c Drivers/STM32F3xx_HAL_Driver/Src/stm32f3xx_hal_cortex.o
                0x00000000080002a0                HAL_NVIC_SetPriority
 .text.HAL_NVIC_EnableIRQ
                0x000000000800030c       0x18 Drivers/STM32F3xx_HAL_Driver/Src/stm32f3xx_hal_cortex.o
                0x000000000800030c                HAL_NVIC_EnableIRQ
 .text.HAL_NVIC_DisableIRQ
                0x0000000008000324       0x1c Drivers/STM32F3xx_HAL_Driver/Src/stm32f3xx_hal_cortex.o
                0x0000000008000324                HAL_NVIC_DisableIRQ
 .text.HAL_SYSTICK_Config
                0x0000000008000340       0x34 Drivers/STM32F3xx_HAL_Driver/Src/stm32f3xx_hal_cortex.o
                0x0000000008000340                HAL_SYSTICK_Config
 .text.HAL_DMA_Init
                0x0000000008000374       0x8c Drivers/STM32F3xx_HAL_Driver/Src/stm32f3xx_hal_dma.o
                0x0000000008000374                HAL_DMA_Init
 .text.HAL_DMA_Start_IT
                0x0000000008000400       0x80 Drivers/STM32F3xx_HAL_Driver/Src/stm32f3xx_hal_dma.o
                0x0000000008000400                HAL_DMA_Start_IT
 .text.HAL_DMA_Abort
                0x0000000008000480       0x34 Drivers/STM32F3xx_HAL_Driver/Src/stm32f3xx_hal_dma.o
                0x0000000008000480                HAL_DMA_Abort
 .text.HAL_DMA_IRQHandler
                0x00000000080004b4       0x9c Drivers/STM32F3xx_HAL_Driver/Src/stm32f3xx_hal_dma.o
                0x00000000080004b4                HAL_DMA_IRQHandler
 .text.HAL_GPIO_Init
                0x0000000008000550      0x1b8 Drivers/STM32F3xx_HAL_Driver/Src/stm32f3xx_hal_gpio.o
                0x0000000008000550                HAL_GPIO_Init
 .text.HAL_GPIO_ReadPin
                0x0000000008000708        0xc Drivers/STM32F3xx_HAL_Driver/Src/stm32f3xx_hal_gpio.o
                0x0000000008000708                HAL_GPIO_ReadPin
 .text.HAL_GPIO_WritePin
                0x0000000008000714        0xc Drivers/STM32F3xx_HAL_Driver/Src/stm32f3xx_hal_gpio.o
                0x0000000008000714                HAL_GPIO_WritePin
 .text.HAL_GPIO_EXTI_IRQHandler
                0x0000000008000720       0x18 Drivers/STM32F3xx_HAL_Driver/Src/stm32f3xx_hal_gpio.o
                0x0000000008000720                HAL_GPIO_EXTI_IRQHandler
 .text.HAL_PCD_Init
                0x0000000008000738      0x3a4 Drivers/STM32F3xx_HAL_Driver/Src/stm32f3xx_hal_pcd.o
                0x0000000008000738                HAL_PCD_Init
 .text.HAL_PCD_Start
                0x0000000008000adc        0xc Drivers/STM32F3xx_HAL_Driver/Src/stm32f3xx_hal_pcd.o
                0x0000000008000adc                HAL_PCD_Start
 .text.HAL_PCD_SetAddress
                0x0000000008000ae8       0x34 Drivers/STM32F3xx_HAL_Driver/Src/stm32f3xx_hal_pcd.o
                0x0000000008000ae8                HAL_PCD_SetAddress
 .text.HAL_PCD_EP_Open
                0x0000000008000b1c      0x30c Drivers/STM32F3xx_HAL_Driver/Src/stm32f3xx_hal_pcd.o
                0x0000000008000b1c                HAL_PCD_EP_Open
 .text.HAL_PCD_EP_Close
                0x0000000008000e28      0x1c4 Drivers/STM32F3xx_HAL_Driver/Src/stm32f3xx_hal_pcd.o
                0x0000000008000e28                HAL_PCD_EP_Close
 .text.HAL_PCD_EP_Receive
                0x0000000008000fec      0x148 Drivers/STM32F3xx_HAL_Driver/Src/stm32f3xx_hal_pcd.o
                0x0000000008000fec                HAL_PCD_EP_Receive
 .text.HAL_PCD_EP_GetRxCount
                0x0000000008001134       0x14 Drivers/STM32F3xx_HAL_Driver/Src/stm32f3xx_hal_pcd.o
                0x0000000008001134                HAL_PCD_EP_GetRxCount
 .text.HAL_PCD_EP_Transmit
                0x0000000008001148      0x100 Drivers/STM32F3xx_HAL_Driver/Src/stm32f3xx_hal_pcd.o
                0x0000000008001148                HAL_PCD_EP_Transmit
 .text.HAL_PCD_IRQHandler
                0x0000000008001248      0x4d4 Drivers/STM32F3xx_HAL_Driver/Src/stm32f3xx_hal_pcd.o
                0x0000000008001248                HAL_PCD_IRQHandler
 .text.HAL_PCD_EP_SetStall
                0x000000000800171c       0xcc Drivers/STM32F3xx_HAL_Driver/Src/stm32f3xx_hal_pcd.o
                0x000000000800171c                HAL_PCD_EP_SetStall
 .text.HAL_PCD_EP_ClrStall
                0x00000000080017e8       0xd0 Drivers/STM32F3xx_HAL_Driver/Src/stm32f3xx_hal_pcd.o
                0x00000000080017e8                HAL_PCD_EP_ClrStall
 .text.HAL_PCDEx_PMAConfig
                0x00000000080018b8       0x40 Drivers/STM32F3xx_HAL_Driver/Src/stm32f3xx_hal_pcd_ex.o
                0x00000000080018b8                HAL_PCDEx_PMAConfig
 .text.PCD_WritePMA
                0x00000000080018f8       0x20 Drivers/STM32F3xx_HAL_Driver/Src/stm32f3xx_hal_pcd_ex.o
                0x00000000080018f8                PCD_WritePMA
 .text.PCD_ReadPMA
                0x0000000008001918       0x4c Drivers/STM32F3xx_HAL_Driver/Src/stm32f3xx_hal_pcd_ex.o
                0x0000000008001918                PCD_ReadPMA
 .text.HAL_PWREx_EnableSDADC
                0x0000000008001964       0x2c Drivers/STM32F3xx_HAL_Driver/Src/stm32f3xx_hal_pwr_ex.o
                0x0000000008001964                HAL_PWREx_EnableSDADC
 .text.HAL_RCC_OscConfig
                0x0000000008001990      0x59c Drivers/STM32F3xx_HAL_Driver/Src/stm32f3xx_hal_rcc.o
                0x0000000008001990                HAL_RCC_OscConfig
 .text.HAL_RCC_ClockConfig
                0x0000000008001f2c      0x1b8 Drivers/STM32F3xx_HAL_Driver/Src/stm32f3xx_hal_rcc.o
                0x0000000008001f2c                HAL_RCC_ClockConfig
 .text.HAL_RCCEx_PeriphCLKConfig
                0x00000000080020e4      0x1d8 Drivers/STM32F3xx_HAL_Driver/Src/stm32f3xx_hal_rcc_ex.o
                0x00000000080020e4                HAL_RCCEx_PeriphCLKConfig
 .text.SDADC_RegConvStop
                0x00000000080022bc       0xb0 Drivers/STM32F3xx_HAL_Driver/Src/stm32f3xx_hal_sdadc.o
 .text.HAL_SDADC_Init
                0x000000000800236c       0x98 Drivers/STM32F3xx_HAL_Driver/Src/stm32f3xx_hal_sdadc.o
                0x000000000800236c                HAL_SDADC_Init
 .text.HAL_SDADC_PrepareChannelConfig
                0x0000000008002404       0x6c Drivers/STM32F3xx_HAL_Driver/Src/stm32f3xx_hal_sdadc.o
                0x0000000008002404                HAL_SDADC_PrepareChannelConfig
 .text.HAL_SDADC_AssociateChannelConfig
                0x0000000008002470       0x80 Drivers/STM32F3xx_HAL_Driver/Src/stm32f3xx_hal_sdadc.o
                0x0000000008002470                HAL_SDADC_AssociateChannelConfig
 .text.HAL_SDADC_ConfigChannel
                0x00000000080024f0       0x4c Drivers/STM32F3xx_HAL_Driver/Src/stm32f3xx_hal_sdadc.o
                0x00000000080024f0                HAL_SDADC_ConfigChannel
 .text.HAL_SDADC_SelectRegularTrigger
                0x000000000800253c       0x2c Drivers/STM32F3xx_HAL_Driver/Src/stm32f3xx_hal_sdadc.o
                0x000000000800253c                HAL_SDADC_SelectRegularTrigger
 .text.HAL_SDADC_CalibrationStart
                0x0000000008002568       0x68 Drivers/STM32F3xx_HAL_Driver/Src/stm32f3xx_hal_sdadc.o
                0x0000000008002568                HAL_SDADC_CalibrationStart
 .text.HAL_SDADC_PollForCalibEvent
                0x00000000080025d0       0x4c Drivers/STM32F3xx_HAL_Driver/Src/stm32f3xx_hal_sdadc.o
                0x00000000080025d0                HAL_SDADC_PollForCalibEvent
 .text.HAL_SDADC_Start_DMA
                0x000000000800261c      0x104 Drivers/STM32F3xx_HAL_Driver/Src/stm32f3xx_hal_sdadc.o
                0x000000000800261c                HAL_SDADC_Start_DMA
 .text.HAL_SDADC_Stop_DMA
                0x0000000008002720       0x3c Drivers/STM32F3xx_HAL_Driver/Src/stm32f3xx_hal_sdadc.o
                0x0000000008002720                HAL_SDADC_Stop_DMA
 .text.SDADC_DMARegularHalfConvCplt
                0x000000000800275c        0xc Drivers/STM32F3xx_HAL_Driver/Src/stm32f3xx_hal_sdadc.o
 .text.SDADC_DMARegularConvCplt
                0x0000000008002768        0xc Drivers/STM32F3xx_HAL_Driver/Src/stm32f3xx_hal_sdadc.o
 .text.HAL_SDADC_ErrorCallback
                0x0000000008002774        0x4 Drivers/STM32F3xx_HAL_Driver/Src/stm32f3xx_hal_sdadc.o
                0x0000000008002774                HAL_SDADC_ErrorCallback
 .text.SDADC_DMAError
                0x0000000008002778       0x10 Drivers/STM32F3xx_HAL_Driver/Src/stm32f3xx_hal_sdadc.o
 .text.SPI_EndRxTxTransaction
                0x0000000008002788       0xe8 Drivers/STM32F3xx_HAL_Driver/Src/stm32f3xx_hal_spi.o
 .text.HAL_SPI_Init
                0x0000000008002870       0xd8 Drivers/STM32F3xx_HAL_Driver/Src/stm32f3xx_hal_spi.o
                0x0000000008002870                HAL_SPI_Init
 .text.HAL_SPI_Transmit
                0x0000000008002948      0x25c Drivers/STM32F3xx_HAL_Driver/Src/stm32f3xx_hal_spi.o
                0x0000000008002948                HAL_SPI_Transmit
 .text.USBD_CDC_DataIn
                0x0000000008002ba4       0x14 Middlewares/ST/STM32_USB_Device_Library/Class/CDC/Src/usbd_cdc.o
 .text.USBD_CDC_EP0_RxReady
                0x0000000008002bb8       0x2c Middlewares/ST/STM32_USB_Device_Library/Class/CDC/Src/usbd_cdc.o
 .text.USBD_CDC_GetFSCfgDesc
                0x0000000008002be4        0xc Middlewares/ST/STM32_USB_Device_Library/Class/CDC/Src/usbd_cdc.o
 .text.USBD_CDC_GetHSCfgDesc
                0x0000000008002bf0        0xc Middlewares/ST/STM32_USB_Device_Library/Class/CDC/Src/usbd_cdc.o
 .text.USBD_CDC_GetOtherSpeedCfgDesc
                0x0000000008002bfc        0xc Middlewares/ST/STM32_USB_Device_Library/Class/CDC/Src/usbd_cdc.o
 .text.USBD_CDC_GetDeviceQualifierDescriptor
                0x0000000008002c08        0xc Middlewares/ST/STM32_USB_Device_Library/Class/CDC/Src/usbd_cdc.o
                0x0000000008002c08                USBD_CDC_GetDeviceQualifierDescriptor
 .text.USBD_CDC_DataOut
                0x0000000008002c14       0x30 Middlewares/ST/STM32_USB_Device_Library/Class/CDC/Src/usbd_cdc.o
 .text.USBD_CDC_Setup
                0x0000000008002c44       0x6c Middlewares/ST/STM32_USB_Device_Library/Class/CDC/Src/usbd_cdc.o
 .text.USBD_CDC_DeInit
                0x0000000008002cb0       0x3c Middlewares/ST/STM32_USB_Device_Library/Class/CDC/Src/usbd_cdc.o
 .text.USBD_CDC_Init
                0x0000000008002cec       0x90 Middlewares/ST/STM32_USB_Device_Library/Class/CDC/Src/usbd_cdc.o
 .text.USBD_CDC_RegisterInterface
                0x0000000008002d7c       0x10 Middlewares/ST/STM32_USB_Device_Library/Class/CDC/Src/usbd_cdc.o
                0x0000000008002d7c                USBD_CDC_RegisterInterface
 .text.USBD_CDC_SetTxBuffer
                0x0000000008002d8c       0x10 Middlewares/ST/STM32_USB_Device_Library/Class/CDC/Src/usbd_cdc.o
                0x0000000008002d8c                USBD_CDC_SetTxBuffer
 .text.USBD_CDC_SetRxBuffer
                0x0000000008002d9c        0xc Middlewares/ST/STM32_USB_Device_Library/Class/CDC/Src/usbd_cdc.o
                0x0000000008002d9c                USBD_CDC_SetRxBuffer
 .text.USBD_CDC_TransmitPacket
                0x0000000008002da8       0x30 Middlewares/ST/STM32_USB_Device_Library/Class/CDC/Src/usbd_cdc.o
                0x0000000008002da8                USBD_CDC_TransmitPacket
 .text.USBD_CDC_ReceivePacket
                0x0000000008002dd8       0x30 Middlewares/ST/STM32_USB_Device_Library/Class/CDC/Src/usbd_cdc.o
                0x0000000008002dd8                USBD_CDC_ReceivePacket
 .text.USBD_Init
                0x0000000008002e08       0x2c Middlewares/ST/STM32_USB_Device_Library/Core/Src/usbd_core.o
                0x0000000008002e08                USBD_Init
 .text.USBD_RegisterClass
                0x0000000008002e34       0x10 Middlewares/ST/STM32_USB_Device_Library/Core/Src/usbd_core.o
                0x0000000008002e34                USBD_RegisterClass
 .text.USBD_Start
                0x0000000008002e44        0xc Middlewares/ST/STM32_USB_Device_Library/Core/Src/usbd_core.o
                0x0000000008002e44                USBD_Start
 .text.USBD_SetClassConfig
                0x0000000008002e50       0x14 Middlewares/ST/STM32_USB_Device_Library/Core/Src/usbd_core.o
                0x0000000008002e50                USBD_SetClassConfig
 .text.USBD_ClrClassConfig
                0x0000000008002e64       0x10 Middlewares/ST/STM32_USB_Device_Library/Core/Src/usbd_core.o
                0x0000000008002e64                USBD_ClrClassConfig
 .text.USBD_LL_SetupStage
                0x0000000008002e74       0x60 Middlewares/ST/STM32_USB_Device_Library/Core/Src/usbd_core.o
                0x0000000008002e74                USBD_LL_SetupStage
 .text.USBD_LL_DataOutStage
                0x0000000008002ed4       0x6c Middlewares/ST/STM32_USB_Device_Library/Core/Src/usbd_core.o
                0x0000000008002ed4                USBD_LL_DataOutStage
 .text.USBD_LL_DataInStage
                0x0000000008002f40       0xac Middlewares/ST/STM32_USB_Device_Library/Core/Src/usbd_core.o
                0x0000000008002f40                USBD_LL_DataInStage
 .text.USBD_LL_Reset
                0x0000000008002fec       0x40 Middlewares/ST/STM32_USB_Device_Library/Core/Src/usbd_core.o
                0x0000000008002fec                USBD_LL_Reset
 .text.USBD_LL_SetSpeed
                0x000000000800302c        0x8 Middlewares/ST/STM32_USB_Device_Library/Core/Src/usbd_core.o
                0x000000000800302c                USBD_LL_SetSpeed
 .text.USBD_LL_Suspend
                0x0000000008003034       0x14 Middlewares/ST/STM32_USB_Device_Library/Core/Src/usbd_core.o
                0x0000000008003034                USBD_LL_Suspend
 .text.USBD_LL_Resume
                0x0000000008003048       0x10 Middlewares/ST/STM32_USB_Device_Library/Core/Src/usbd_core.o
                0x0000000008003048                USBD_LL_Resume
 .text.USBD_LL_SOF
                0x0000000008003058       0x1c Middlewares/ST/STM32_USB_Device_Library/Core/Src/usbd_core.o
                0x0000000008003058                USBD_LL_SOF
 .text.USBD_StdDevReq
                0x0000000008003074      0x298 Middlewares/ST/STM32_USB_Device_Library/Core/Src/usbd_ctlreq.o
                0x0000000008003074                USBD_StdDevReq
 .text.USBD_StdItfReq
                0x000000000800330c       0x40 Middlewares/ST/STM32_USB_Device_Library/Core/Src/usbd_ctlreq.o
                0x000000000800330c                USBD_StdItfReq
 .text.USBD_StdEPReq
                0x000000000800334c       0xcc Middlewares/ST/STM32_USB_Device_Library/Core/Src/usbd_ctlreq.o
                0x000000000800334c                USBD_StdEPReq
 .text.USBD_ParseSetupRequest
                0x0000000008003418       0x28 Middlewares/ST/STM32_USB_Device_Library/Core/Src/usbd_ctlreq.o
                0x0000000008003418                USBD_ParseSetupRequest
 .text.USBD_GetString
                0x0000000008003440       0x50 Middlewares/ST/STM32_USB_Device_Library/Core/Src/usbd_ctlreq.o
                0x0000000008003440                USBD_GetString
 .text.USBD_CtlSendData
                0x0000000008003490       0x1c Middlewares/ST/STM32_USB_Device_Library/Core/Src/usbd_ioreq.o
                0x0000000008003490                USBD_CtlSendData
 .text.USBD_CtlContinueSendData
                0x00000000080034ac       0x10 Middlewares/ST/STM32_USB_Device_Library/Core/Src/usbd_ioreq.o
                0x00000000080034ac                USBD_CtlContinueSendData
 .text.USBD_CtlPrepareRx
                0x00000000080034bc       0x20 Middlewares/ST/STM32_USB_Device_Library/Core/Src/usbd_ioreq.o
                0x00000000080034bc                USBD_CtlPrepareRx
 .text.USBD_CtlContinueRx
                0x00000000080034dc       0x10 Middlewares/ST/STM32_USB_Device_Library/Core/Src/usbd_ioreq.o
                0x00000000080034dc                USBD_CtlContinueRx
 .text.USBD_CtlSendStatus
                0x00000000080034ec       0x18 Middlewares/ST/STM32_USB_Device_Library/Core/Src/usbd_ioreq.o
                0x00000000080034ec                USBD_CtlSendStatus
 .text.USBD_CtlReceiveStatus
                0x0000000008003504       0x18 Middlewares/ST/STM32_USB_Device_Library/Core/Src/usbd_ioreq.o
                0x0000000008003504                USBD_CtlReceiveStatus
 .text.FIFO_8_put
                0x000000000800351c       0x40 Src/fifo.o
                0x000000000800351c                FIFO_8_put
 .text.FIFO_8_get
                0x000000000800355c       0x34 Src/fifo.o
                0x000000000800355c                FIFO_8_get
 .text.FIFO_8_get_num_elements
                0x0000000008003590        0x4 Src/fifo.o
                0x0000000008003590                FIFO_8_get_num_elements
 .text.adc_dma_usb_tx
                0x0000000008003594       0xd4 Src/main.o
                0x0000000008003594                adc_dma_usb_tx
 .text.SystemClock_Config
                0x0000000008003668       0x88 Src/main.o
                0x0000000008003668                SystemClock_Config
 .text.startup.main
                0x00000000080036f0      0x560 Src/main.o
                0x00000000080036f0                main
 .text.HAL_SDADC_ConvHalfCpltCallback
                0x0000000008003c50       0x44 Src/main.o
                0x0000000008003c50                HAL_SDADC_ConvHalfCpltCallback
 .text.HAL_SDADC_ConvCpltCallback
                0x0000000008003c94       0x48 Src/main.o
                0x0000000008003c94                HAL_SDADC_ConvCpltCallback
 .text.HAL_GPIO_EXTI_Callback
                0x0000000008003cdc       0x30 Src/main.o
                0x0000000008003cdc                HAL_GPIO_EXTI_Callback
 .text.Error_Handler
                0x0000000008003d0c        0x4 Src/main.o
                0x0000000008003d0c                Error_Handler
 .text.HAL_MspInit
                0x0000000008003d10       0x30 Src/stm32f3xx_hal_msp.o
                0x0000000008003d10                HAL_MspInit
 .text.HAL_SDADC_MspInit
                0x0000000008003d40      0x140 Src/stm32f3xx_hal_msp.o
                0x0000000008003d40                HAL_SDADC_MspInit
 .text.HAL_SPI_MspInit
                0x0000000008003e80       0x90 Src/stm32f3xx_hal_msp.o
                0x0000000008003e80                HAL_SPI_MspInit
 .text.NMI_Handler
                0x0000000008003f10        0x4 Src/stm32f3xx_it.o
                0x0000000008003f10                NMI_Handler
 .text.HardFault_Handler
                0x0000000008003f14        0x4 Src/stm32f3xx_it.o
                0x0000000008003f14                HardFault_Handler
 .text.MemManage_Handler
                0x0000000008003f18        0x4 Src/stm32f3xx_it.o
                0x0000000008003f18                MemManage_Handler
 .text.BusFault_Handler
                0x0000000008003f1c        0x4 Src/stm32f3xx_it.o
                0x0000000008003f1c                BusFault_Handler
 .text.UsageFault_Handler
                0x0000000008003f20        0x4 Src/stm32f3xx_it.o
                0x0000000008003f20                UsageFault_Handler
 .text.SVC_Handler
                0x0000000008003f24        0x4 Src/stm32f3xx_it.o
                0x0000000008003f24                SVC_Handler
 .text.DebugMon_Handler
                0x0000000008003f28        0x4 Src/stm32f3xx_it.o
                0x0000000008003f28                DebugMon_Handler
 .text.PendSV_Handler
                0x0000000008003f2c        0x4 Src/stm32f3xx_it.o
                0x0000000008003f2c                PendSV_Handler
 .text.SysTick_Handler
                0x0000000008003f30        0x4 Src/stm32f3xx_it.o
                0x0000000008003f30                SysTick_Handler
 .text.EXTI15_10_IRQHandler
                0x0000000008003f34        0x8 Src/stm32f3xx_it.o
                0x0000000008003f34                EXTI15_10_IRQHandler
 .text.DMA2_Channel3_IRQHandler
                0x0000000008003f3c        0xc Src/stm32f3xx_it.o
                0x0000000008003f3c                DMA2_Channel3_IRQHandler
 .text.DMA2_Channel4_IRQHandler
                0x0000000008003f48        0xc Src/stm32f3xx_it.o
                0x0000000008003f48                DMA2_Channel4_IRQHandler
 .text.DMA2_Channel5_IRQHandler
                0x0000000008003f54        0xc Src/stm32f3xx_it.o
                0x0000000008003f54                DMA2_Channel5_IRQHandler
 .text.USB_LP_IRQHandler
                0x0000000008003f60        0xc Src/stm32f3xx_it.o
                0x0000000008003f60                USB_LP_IRQHandler
 .text.SystemInit
                0x0000000008003f6c       0x70 Src/system_stm32f3xx.o
                0x0000000008003f6c                SystemInit
 .text.MX_USB_DEVICE_Init
                0x0000000008003fdc       0x58 Src/usb_device.o
                0x0000000008003fdc                MX_USB_DEVICE_Init
 .text.CDC_DeInit_FS
                0x0000000008004034        0x4 Src/usbd_cdc_if.o
 .text.CDC_Control_FS
                0x0000000008004038        0x4 Src/usbd_cdc_if.o
 .text.CDC_Receive_FS
                0x000000000800403c       0x40 Src/usbd_cdc_if.o
 .text.CDC_Init_FS
                0x000000000800407c       0x48 Src/usbd_cdc_if.o
 .text.CDC_Transmit_FS
                0x00000000080040c4       0x2c Src/usbd_cdc_if.o
                0x00000000080040c4                CDC_Transmit_FS
 .text.CDC_get_tx_flag
                0x00000000080040f0       0x14 Src/usbd_cdc_if.o
                0x00000000080040f0                CDC_get_tx_flag
 .text.HAL_PCD_MspInit
                0x0000000008004104       0x7c Src/usbd_conf.o
                0x0000000008004104                HAL_PCD_MspInit
 .text.HAL_PCD_SetupStageCallback
                0x0000000008004180        0xc Src/usbd_conf.o
                0x0000000008004180                HAL_PCD_SetupStageCallback
 .text.HAL_PCD_DataOutStageCallback
                0x000000000800418c       0x14 Src/usbd_conf.o
                0x000000000800418c                HAL_PCD_DataOutStageCallback
 .text.HAL_PCD_DataInStageCallback
                0x00000000080041a0       0x14 Src/usbd_conf.o
                0x00000000080041a0                HAL_PCD_DataInStageCallback
 .text.HAL_PCD_SOFCallback
                0x00000000080041b4        0x8 Src/usbd_conf.o
                0x00000000080041b4                HAL_PCD_SOFCallback
 .text.HAL_PCD_ResetCallback
                0x00000000080041bc       0x24 Src/usbd_conf.o
                0x00000000080041bc                HAL_PCD_ResetCallback
 .text.HAL_PCD_SuspendCallback
                0x00000000080041e0       0x20 Src/usbd_conf.o
                0x00000000080041e0                HAL_PCD_SuspendCallback
 .text.HAL_PCD_ResumeCallback
                0x0000000008004200        0x8 Src/usbd_conf.o
                0x0000000008004200                HAL_PCD_ResumeCallback
 .text.USBD_LL_Init
                0x0000000008004208       0x84 Src/usbd_conf.o
                0x0000000008004208                USBD_LL_Init
 .text.USBD_LL_Start
                0x000000000800428c       0x1c Src/usbd_conf.o
                0x000000000800428c                USBD_LL_Start
 .text.USBD_LL_OpenEP
                0x00000000080042a8       0x20 Src/usbd_conf.o
                0x00000000080042a8                USBD_LL_OpenEP
 .text.USBD_LL_CloseEP
                0x00000000080042c8       0x1c Src/usbd_conf.o
                0x00000000080042c8                USBD_LL_CloseEP
 .text.USBD_LL_StallEP
                0x00000000080042e4       0x1c Src/usbd_conf.o
                0x00000000080042e4                USBD_LL_StallEP
 .text.USBD_LL_ClearStallEP
                0x0000000008004300       0x1c Src/usbd_conf.o
                0x0000000008004300                USBD_LL_ClearStallEP
 .text.USBD_LL_IsStallEP
                0x000000000800431c       0x28 Src/usbd_conf.o
                0x000000000800431c                USBD_LL_IsStallEP
 .text.USBD_LL_SetUSBAddress
                0x0000000008004344       0x1c Src/usbd_conf.o
                0x0000000008004344                USBD_LL_SetUSBAddress
 .text.USBD_LL_Transmit
                0x0000000008004360       0x1c Src/usbd_conf.o
                0x0000000008004360                USBD_LL_Transmit
 .text.USBD_LL_PrepareReceive
                0x000000000800437c       0x1c Src/usbd_conf.o
                0x000000000800437c                USBD_LL_PrepareReceive
 .text.USBD_LL_GetRxDataSize
                0x0000000008004398        0xc Src/usbd_conf.o
                0x0000000008004398                USBD_LL_GetRxDataSize
 .text.USBD_static_malloc
                0x00000000080043a4        0x8 Src/usbd_conf.o
                0x00000000080043a4                USBD_static_malloc
 .text.USBD_static_free
                0x00000000080043ac        0x4 Src/usbd_conf.o
                0x00000000080043ac                USBD_static_free
 .text.HAL_PCDEx_SetConnectionState
                0x00000000080043b0        0x4 Src/usbd_conf.o
                0x00000000080043b0                HAL_PCDEx_SetConnectionState
 .text.USBD_FS_DeviceDescriptor
                0x00000000080043b4        0xc Src/usbd_desc.o
                0x00000000080043b4                USBD_FS_DeviceDescriptor
 .text.USBD_FS_LangIDStrDescriptor
                0x00000000080043c0        0xc Src/usbd_desc.o
                0x00000000080043c0                USBD_FS_LangIDStrDescriptor
 .text.USBD_FS_ManufacturerStrDescriptor
                0x00000000080043cc       0x1c Src/usbd_desc.o
                0x00000000080043cc                USBD_FS_ManufacturerStrDescriptor
 .text.USBD_FS_ProductStrDescriptor
                0x00000000080043e8       0x1c Src/usbd_desc.o
                0x00000000080043e8                USBD_FS_ProductStrDescriptor
 .text.USBD_FS_ConfigStrDescriptor
                0x0000000008004404       0x1c Src/usbd_desc.o
                0x0000000008004404                USBD_FS_ConfigStrDescriptor
 .text.USBD_FS_InterfaceStrDescriptor
                0x0000000008004420       0x1c Src/usbd_desc.o
                0x0000000008004420                USBD_FS_InterfaceStrDescriptor
 .text.USBD_FS_SerialStrDescriptor
                0x000000000800443c      0x124 Src/usbd_desc.o
                0x000000000800443c                USBD_FS_SerialStrDescriptor
 .text.Reset_Handler
                0x0000000008004560       0x50 Startup/startup_stm32f373cbtx.o
                0x0000000008004560                Reset_Handler
 .text.Default_Handler
                0x00000000080045b0        0x2 Startup/startup_stm32f373cbtx.o
                0x00000000080045b0                RTC_Alarm_IRQHandler
                0x00000000080045b0                USB_HP_IRQHandler
                0x00000000080045b0                PVD_IRQHandler
                0x00000000080045b0                TAMP_STAMP_IRQHandler
                0x00000000080045b0                EXTI3_IRQHandler
                0x00000000080045b0                EXTI0_IRQHandler
                0x00000000080045b0                I2C2_EV_IRQHandler
                0x00000000080045b0                FPU_IRQHandler
                0x00000000080045b0                CAN_TX_IRQHandler
                0x00000000080045b0                SPI1_IRQHandler
                0x00000000080045b0                CAN_SCE_IRQHandler
                0x00000000080045b0                DMA2_Channel2_IRQHandler
                0x00000000080045b0                DMA1_Channel4_IRQHandler
                0x00000000080045b0                ADC1_IRQHandler
                0x00000000080045b0                TIM17_IRQHandler
                0x00000000080045b0                USART3_IRQHandler
                0x00000000080045b0                DMA1_Channel7_IRQHandler
                0x00000000080045b0                TIM4_IRQHandler
                0x00000000080045b0                CAN_RX1_IRQHandler
                0x00000000080045b0                DMA2_Channel1_IRQHandler
                0x00000000080045b0                I2C1_EV_IRQHandler
                0x00000000080045b0                DMA1_Channel6_IRQHandler
                0x00000000080045b0                TIM16_IRQHandler
                0x00000000080045b0                TIM3_IRQHandler
                0x00000000080045b0                RCC_IRQHandler
                0x00000000080045b0                DMA1_Channel1_IRQHandler
                0x00000000080045b0                Default_Handler
                0x00000000080045b0                CEC_IRQHandler
                0x00000000080045b0                TIM14_IRQHandler
                0x00000000080045b0                TIM13_IRQHandler
                0x00000000080045b0                TIM12_IRQHandler
                0x00000000080045b0                TIM7_IRQHandler
                0x00000000080045b0                TIM5_IRQHandler
                0x00000000080045b0                SDADC2_IRQHandler
                0x00000000080045b0                TIM15_IRQHandler
                0x00000000080045b0                TIM6_DAC1_IRQHandler
                0x00000000080045b0                EXTI9_5_IRQHandler
                0x00000000080045b0                RTC_WKUP_IRQHandler
                0x00000000080045b0                SPI2_IRQHandler
                0x00000000080045b0                DMA1_Channel5_IRQHandler
                0x00000000080045b0                EXTI4_IRQHandler
                0x00000000080045b0                COMP1_2_IRQHandler
                0x00000000080045b0                TIM18_DAC2_IRQHandler
                0x00000000080045b0                DMA1_Channel3_IRQHandler
                0x00000000080045b0                WWDG_IRQHandler
                0x00000000080045b0                SDADC1_IRQHandler
                0x00000000080045b0                TIM2_IRQHandler
                0x00000000080045b0                EXTI1_IRQHandler
                0x00000000080045b0                SDADC3_IRQHandler
                0x00000000080045b0                USART2_IRQHandler
                0x00000000080045b0                TIM19_IRQHandler
                0x00000000080045b0                I2C2_ER_IRQHandler
                0x00000000080045b0                DMA1_Channel2_IRQHandler
                0x00000000080045b0                FLASH_IRQHandler
                0x00000000080045b0                USART1_IRQHandler
                0x00000000080045b0                SPI3_IRQHandler
                0x00000000080045b0                CAN_RX0_IRQHandler
                0x00000000080045b0                I2C1_ER_IRQHandler
                0x00000000080045b0                USBWakeUp_IRQHandler
                0x00000000080045b0                EXTI2_TSC_IRQHandler
 *fill*         0x00000000080045b2        0x2 
 .text.__libc_init_array
                0x00000000080045b4       0x48 c:/program files/stm32cubeide_1.0.2/stm32cubeide/plugins/com.st.stm32cube.ide.mcu.externaltools.gnu-tools-for-stm32.7-2018-q2-update.win32_1.0.0.201904181610/tools/bin/../lib/gcc/arm-none-eabi/7.3.1/../../../../arm-none-eabi/lib/thumb/v7e-m/fpv4-sp/hard\libc_nano.a(lib_a-init.o)
                0x00000000080045b4                __libc_init_array
 .text.memset   0x00000000080045fc       0x10 c:/program files/stm32cubeide_1.0.2/stm32cubeide/plugins/com.st.stm32cube.ide.mcu.externaltools.gnu-tools-for-stm32.7-2018-q2-update.win32_1.0.0.201904181610/tools/bin/../lib/gcc/arm-none-eabi/7.3.1/../../../../arm-none-eabi/lib/thumb/v7e-m/fpv4-sp/hard\libc_nano.a(lib_a-memset.o)
                0x00000000080045fc                memset
 *(.glue_7)
 .glue_7        0x000000000800460c        0x0 linker stubs
 *(.glue_7t)
 .glue_7t       0x000000000800460c        0x0 linker stubs
 *(.eh_frame)
 .eh_frame      0x000000000800460c        0x0 c:/program files/stm32cubeide_1.0.2/stm32cubeide/plugins/com.st.stm32cube.ide.mcu.externaltools.gnu-tools-for-stm32.7-2018-q2-update.win32_1.0.0.201904181610/tools/bin/../lib/gcc/arm-none-eabi/7.3.1/thumb/v7e-m/fpv4-sp/hard/crtbegin.o
 *(.init)
 .init          0x000000000800460c        0x4 c:/program files/stm32cubeide_1.0.2/stm32cubeide/plugins/com.st.stm32cube.ide.mcu.externaltools.gnu-tools-for-stm32.7-2018-q2-update.win32_1.0.0.201904181610/tools/bin/../lib/gcc/arm-none-eabi/7.3.1/thumb/v7e-m/fpv4-sp/hard/crti.o
                0x000000000800460c                _init
 .init          0x0000000008004610        0x8 c:/program files/stm32cubeide_1.0.2/stm32cubeide/plugins/com.st.stm32cube.ide.mcu.externaltools.gnu-tools-for-stm32.7-2018-q2-update.win32_1.0.0.201904181610/tools/bin/../lib/gcc/arm-none-eabi/7.3.1/thumb/v7e-m/fpv4-sp/hard/crtn.o
 *(.fini)
 .fini          0x0000000008004618        0x4 c:/program files/stm32cubeide_1.0.2/stm32cubeide/plugins/com.st.stm32cube.ide.mcu.externaltools.gnu-tools-for-stm32.7-2018-q2-update.win32_1.0.0.201904181610/tools/bin/../lib/gcc/arm-none-eabi/7.3.1/thumb/v7e-m/fpv4-sp/hard/crti.o
                0x0000000008004618                _fini
 .fini          0x000000000800461c        0x8 c:/program files/stm32cubeide_1.0.2/stm32cubeide/plugins/com.st.stm32cube.ide.mcu.externaltools.gnu-tools-for-stm32.7-2018-q2-update.win32_1.0.0.201904181610/tools/bin/../lib/gcc/arm-none-eabi/7.3.1/thumb/v7e-m/fpv4-sp/hard/crtn.o
                0x0000000008004624                . = ALIGN (0x4)
                0x0000000008004624                _etext = .

.vfp11_veneer   0x0000000008004624        0x0
 .vfp11_veneer  0x0000000008004624        0x0 linker stubs

.v4_bx          0x0000000008004624        0x0
 .v4_bx         0x0000000008004624        0x0 linker stubs

.iplt           0x0000000008004624        0x0
 .iplt          0x0000000008004624        0x0 c:/program files/stm32cubeide_1.0.2/stm32cubeide/plugins/com.st.stm32cube.ide.mcu.externaltools.gnu-tools-for-stm32.7-2018-q2-update.win32_1.0.0.201904181610/tools/bin/../lib/gcc/arm-none-eabi/7.3.1/thumb/v7e-m/fpv4-sp/hard/crtbegin.o

.rodata         0x0000000008004624       0x94
                0x0000000008004624                . = ALIGN (0x4)
 *(.rodata)
 *(.rodata*)
 .rodata.aPLLMULFactorTable
                0x0000000008004624       0x10 Drivers/STM32F3xx_HAL_Driver/Src/stm32f3xx_hal_rcc.o
                0x0000000008004624                aPLLMULFactorTable
 .rodata.aPredivFactorTable
                0x0000000008004634       0x10 Drivers/STM32F3xx_HAL_Driver/Src/stm32f3xx_hal_rcc.o
                0x0000000008004634                aPredivFactorTable
 .rodata.CSWTCH.21
                0x0000000008004644       0x14 Src/main.o
 .rodata.AHBPrescTable
                0x0000000008004658       0x10 Src/system_stm32f3xx.o
                0x0000000008004658                AHBPrescTable
 .rodata.CSWTCH.4
                0x0000000008004668        0x4 Src/usbd_conf.o
 .rodata.USBD_FS_ConfigStrDescriptor.str1.4
                0x000000000800466c        0xb Src/usbd_desc.o
 *fill*         0x0000000008004677        0x1 
 .rodata.USBD_FS_InterfaceStrDescriptor.str1.4
                0x0000000008004678        0xe Src/usbd_desc.o
 *fill*         0x0000000008004686        0x2 
 .rodata.USBD_FS_ManufacturerStrDescriptor.str1.4
                0x0000000008004688       0x13 Src/usbd_desc.o
 *fill*         0x000000000800469b        0x1 
 .rodata.USBD_FS_ProductStrDescriptor.str1.4
                0x000000000800469c       0x1c Src/usbd_desc.o
                                         0x1a (size before relaxing)
                0x00000000080046b8                . = ALIGN (0x4)

.rel.dyn        0x00000000080046b8        0x0
 .rel.iplt      0x00000000080046b8        0x0 c:/program files/stm32cubeide_1.0.2/stm32cubeide/plugins/com.st.stm32cube.ide.mcu.externaltools.gnu-tools-for-stm32.7-2018-q2-update.win32_1.0.0.201904181610/tools/bin/../lib/gcc/arm-none-eabi/7.3.1/thumb/v7e-m/fpv4-sp/hard/crtbegin.o

.ARM.extab      0x00000000080046b8        0x0
                0x00000000080046b8                . = ALIGN (0x4)
 *(.ARM.extab* .gnu.linkonce.armextab.*)
                0x00000000080046b8                . = ALIGN (0x4)

.ARM            0x00000000080046b8        0x0
                0x00000000080046b8                . = ALIGN (0x4)
                0x00000000080046b8                __exidx_start = .
 *(.ARM.exidx*)
                0x00000000080046b8                __exidx_end = .
                0x00000000080046b8                . = ALIGN (0x4)

.preinit_array  0x00000000080046b8        0x0
                0x00000000080046b8                . = ALIGN (0x4)
                0x00000000080046b8                PROVIDE (__preinit_array_start = .)
 *(.preinit_array*)
                0x00000000080046b8                PROVIDE (__preinit_array_end = .)
                0x00000000080046b8                . = ALIGN (0x4)

.init_array     0x00000000080046b8        0x4
                0x00000000080046b8                . = ALIGN (0x4)
                0x00000000080046b8                PROVIDE (__init_array_start = .)
 *(SORT_BY_NAME(.init_array.*))
 *(.init_array*)
 .init_array    0x00000000080046b8        0x4 c:/program files/stm32cubeide_1.0.2/stm32cubeide/plugins/com.st.stm32cube.ide.mcu.externaltools.gnu-tools-for-stm32.7-2018-q2-update.win32_1.0.0.201904181610/tools/bin/../lib/gcc/arm-none-eabi/7.3.1/thumb/v7e-m/fpv4-sp/hard/crtbegin.o
                0x00000000080046bc                PROVIDE (__init_array_end = .)
                0x00000000080046bc                . = ALIGN (0x4)

.fini_array     0x00000000080046bc        0x4
                0x00000000080046bc                . = ALIGN (0x4)
                [!provide]                        PROVIDE (__fini_array_start = .)
 *(SORT_BY_NAME(.fini_array.*))
 *(.fini_array*)
 .fini_array    0x00000000080046bc        0x4 c:/program files/stm32cubeide_1.0.2/stm32cubeide/plugins/com.st.stm32cube.ide.mcu.externaltools.gnu-tools-for-stm32.7-2018-q2-update.win32_1.0.0.201904181610/tools/bin/../lib/gcc/arm-none-eabi/7.3.1/thumb/v7e-m/fpv4-sp/hard/crtbegin.o
                [!provide]                        PROVIDE (__fini_array_end = .)
                0x00000000080046c0                . = ALIGN (0x4)
                0x00000000080046c0                _sidata = LOADADDR (.data)

.data           0x0000000020000000      0x188 load address 0x00000000080046c0
                0x0000000020000000                . = ALIGN (0x4)
                0x0000000020000000                _sdata = .
 *(.data)
 *(.data*)
 .data.uwTickFreq
                0x0000000020000000        0x1 Drivers/STM32F3xx_HAL_Driver/Src/stm32f3xx_hal.o
                0x0000000020000000                uwTickFreq
 *fill*         0x0000000020000001        0x3 
 .data.uwTickPrio
                0x0000000020000004        0x4 Drivers/STM32F3xx_HAL_Driver/Src/stm32f3xx_hal.o
                0x0000000020000004                uwTickPrio
 .data.USBD_CDC
                0x0000000020000008       0x38 Middlewares/ST/STM32_USB_Device_Library/Class/CDC/Src/usbd_cdc.o
                0x0000000020000008                USBD_CDC
 .data.USBD_CDC_CfgFSDesc
                0x0000000020000040       0x43 Middlewares/ST/STM32_USB_Device_Library/Class/CDC/Src/usbd_cdc.o
                0x0000000020000040                USBD_CDC_CfgFSDesc
 *fill*         0x0000000020000083        0x1 
 .data.USBD_CDC_CfgHSDesc
                0x0000000020000084       0x43 Middlewares/ST/STM32_USB_Device_Library/Class/CDC/Src/usbd_cdc.o
                0x0000000020000084                USBD_CDC_CfgHSDesc
 *fill*         0x00000000200000c7        0x1 
 .data.USBD_CDC_DeviceQualifierDesc
                0x00000000200000c8        0xa Middlewares/ST/STM32_USB_Device_Library/Class/CDC/Src/usbd_cdc.o
 *fill*         0x00000000200000d2        0x2 
 .data.USBD_CDC_OtherSpeedCfgDesc
                0x00000000200000d4       0x43 Middlewares/ST/STM32_USB_Device_Library/Class/CDC/Src/usbd_cdc.o
                0x00000000200000d4                USBD_CDC_OtherSpeedCfgDesc
 *fill*         0x0000000020000117        0x1 
 .data.SystemCoreClock
                0x0000000020000118        0x4 Src/system_stm32f3xx.o
                0x0000000020000118                SystemCoreClock
 .data.USBD_Interface_fops_FS
                0x000000002000011c       0x10 Src/usbd_cdc_if.o
                0x000000002000011c                USBD_Interface_fops_FS
 .data.usb_cdc_rx_fifo
                0x000000002000012c        0xc Src/usbd_cdc_if.o
                0x000000002000012c                usb_cdc_rx_fifo
 .data.FS_Desc  0x0000000020000138       0x1c Src/usbd_desc.o
                0x0000000020000138                FS_Desc
 .data.USBD_FS_DeviceDesc
                0x0000000020000154       0x12 Src/usbd_desc.o
                0x0000000020000154                USBD_FS_DeviceDesc
 *fill*         0x0000000020000166        0x2 
 .data.USBD_LangIDDesc
                0x0000000020000168        0x4 Src/usbd_desc.o
                0x0000000020000168                USBD_LangIDDesc
 .data.USBD_StringSerial
                0x000000002000016c       0x1a Src/usbd_desc.o
                0x000000002000016c                USBD_StringSerial
                0x0000000020000188                . = ALIGN (0x4)
 *fill*         0x0000000020000186        0x2 
                0x0000000020000188                _edata = .

.igot.plt       0x0000000020000188        0x0 load address 0x0000000008004848
 .igot.plt      0x0000000020000188        0x0 c:/program files/stm32cubeide_1.0.2/stm32cubeide/plugins/com.st.stm32cube.ide.mcu.externaltools.gnu-tools-for-stm32.7-2018-q2-update.win32_1.0.0.201904181610/tools/bin/../lib/gcc/arm-none-eabi/7.3.1/thumb/v7e-m/fpv4-sp/hard/crtbegin.o
                0x0000000020000188                . = ALIGN (0x4)

.bss            0x0000000020000188     0x2404 load address 0x0000000008004848
                0x0000000020000188                _sbss = .
                0x0000000020000188                __bss_start__ = _sbss
 *(.bss)
 .bss           0x0000000020000188       0x1c c:/program files/stm32cubeide_1.0.2/stm32cubeide/plugins/com.st.stm32cube.ide.mcu.externaltools.gnu-tools-for-stm32.7-2018-q2-update.win32_1.0.0.201904181610/tools/bin/../lib/gcc/arm-none-eabi/7.3.1/thumb/v7e-m/fpv4-sp/hard/crtbegin.o
 *(.bss*)
 .bss.ifalt.9793
                0x00000000200001a4        0x1 Middlewares/ST/STM32_USB_Device_Library/Class/CDC/Src/usbd_cdc.o
 .bss.cfgidx.9798
                0x00000000200001a5        0x1 Middlewares/ST/STM32_USB_Device_Library/Core/Src/usbd_ctlreq.o
 .bss.recording_trigger
                0x00000000200001a6        0x1 Src/main.o
                0x00000000200001a6                recording_trigger
 .bss.sdadc1_full_complete
                0x00000000200001a7        0x1 Src/main.o
                0x00000000200001a7                sdadc1_full_complete
 .bss.sdadc1_half_complete
                0x00000000200001a8        0x1 Src/main.o
                0x00000000200001a8                sdadc1_half_complete
 .bss.sdadc2_full_complete
                0x00000000200001a9        0x1 Src/main.o
                0x00000000200001a9                sdadc2_full_complete
 .bss.sdadc2_half_complete
                0x00000000200001aa        0x1 Src/main.o
                0x00000000200001aa                sdadc2_half_complete
 .bss.sdadc3_full_complete
                0x00000000200001ab        0x1 Src/main.o
                0x00000000200001ab                sdadc3_full_complete
 .bss.sdadc3_half_complete
                0x00000000200001ac        0x1 Src/main.o
                0x00000000200001ac                sdadc3_half_complete
 *fill*         0x00000000200001ad        0x3 
 .bss.mem.9883  0x00000000200001b0      0x220 Src/usbd_conf.o
 *(COMMON)
 COMMON         0x00000000200003d0        0x4 Drivers/STM32F3xx_HAL_Driver/Src/stm32f3xx_hal.o
                0x00000000200003d0                uwTick
 COMMON         0x00000000200003d4     0x19ec Src/main.o
                0x00000000200003d4                hdma_sdadc1
                0x0000000020000418                sdadc3_data_buf
                0x0000000020000be8                hdma_sdadc3
                0x0000000020000c2c                UserRxBufferFS
                0x0000000020000c6c                hdma_sdadc2
                0x0000000020000cb0                sdadc2_data_buf
                0x0000000020001480                UserTxBufferFS
                0x00000000200014c0                hsdadc1
                0x0000000020001504                hsdadc2
                0x0000000020001548                sdadc1_data_buf
                0x0000000020001d18                hspi1
                0x0000000020001d7c                hsdadc3
 COMMON         0x0000000020001dc0      0x224 Src/usb_device.o
                0x0000000020001dc0                hUsbDeviceFS
 COMMON         0x0000000020001fe4      0x3a8 Src/usbd_conf.o
                0x0000000020001fe4                hpcd_USB_FS
 COMMON         0x000000002000238c      0x200 Src/usbd_desc.o
                0x000000002000238c                USBD_StrDesc
                0x000000002000258c                . = ALIGN (0x4)
                0x000000002000258c                _ebss = .
                0x000000002000258c                __bss_end__ = _ebss

._user_heap_stack
                0x000000002000258c      0x604 load address 0x0000000008004848
                0x0000000020002590                . = ALIGN (0x8)
 *fill*         0x000000002000258c        0x4 
                0x0000000020002590                PROVIDE (end = .)
                [!provide]                        PROVIDE (_end = .)
                0x0000000020002790                . = (. + _Min_Heap_Size)
 *fill*         0x0000000020002590      0x200 
                0x0000000020002b90                . = (. + _Min_Stack_Size)
 *fill*         0x0000000020002790      0x400 
                0x0000000020002b90                . = ALIGN (0x8)

/DISCARD/
 libc.a(*)
 libm.a(*)
 libgcc.a(*)

.ARM.attributes
                0x0000000000000000       0x30
 *(.ARM.attributes)
 .ARM.attributes
                0x0000000000000000       0x22 c:/program files/stm32cubeide_1.0.2/stm32cubeide/plugins/com.st.stm32cube.ide.mcu.externaltools.gnu-tools-for-stm32.7-2018-q2-update.win32_1.0.0.201904181610/tools/bin/../lib/gcc/arm-none-eabi/7.3.1/thumb/v7e-m/fpv4-sp/hard/crti.o
 .ARM.attributes
                0x0000000000000022       0x34 c:/program files/stm32cubeide_1.0.2/stm32cubeide/plugins/com.st.stm32cube.ide.mcu.externaltools.gnu-tools-for-stm32.7-2018-q2-update.win32_1.0.0.201904181610/tools/bin/../lib/gcc/arm-none-eabi/7.3.1/thumb/v7e-m/fpv4-sp/hard/crtbegin.o
 .ARM.attributes
                0x0000000000000056       0x39 Drivers/STM32F3xx_HAL_Driver/Src/stm32f3xx_hal.o
 .ARM.attributes
                0x000000000000008f       0x39 Drivers/STM32F3xx_HAL_Driver/Src/stm32f3xx_hal_cortex.o
 .ARM.attributes
                0x00000000000000c8       0x39 Drivers/STM32F3xx_HAL_Driver/Src/stm32f3xx_hal_dma.o
 .ARM.attributes
                0x0000000000000101       0x39 Drivers/STM32F3xx_HAL_Driver/Src/stm32f3xx_hal_gpio.o
 .ARM.attributes
                0x000000000000013a       0x39 Drivers/STM32F3xx_HAL_Driver/Src/stm32f3xx_hal_pcd.o
 .ARM.attributes
                0x0000000000000173       0x39 Drivers/STM32F3xx_HAL_Driver/Src/stm32f3xx_hal_pcd_ex.o
 .ARM.attributes
                0x00000000000001ac       0x39 Drivers/STM32F3xx_HAL_Driver/Src/stm32f3xx_hal_pwr_ex.o
 .ARM.attributes
                0x00000000000001e5       0x39 Drivers/STM32F3xx_HAL_Driver/Src/stm32f3xx_hal_rcc.o
 .ARM.attributes
                0x000000000000021e       0x39 Drivers/STM32F3xx_HAL_Driver/Src/stm32f3xx_hal_rcc_ex.o
 .ARM.attributes
                0x0000000000000257       0x39 Drivers/STM32F3xx_HAL_Driver/Src/stm32f3xx_hal_sdadc.o
 .ARM.attributes
                0x0000000000000290       0x39 Drivers/STM32F3xx_HAL_Driver/Src/stm32f3xx_hal_spi.o
 .ARM.attributes
                0x00000000000002c9       0x39 Middlewares/ST/STM32_USB_Device_Library/Class/CDC/Src/usbd_cdc.o
 .ARM.attributes
                0x0000000000000302       0x39 Middlewares/ST/STM32_USB_Device_Library/Core/Src/usbd_core.o
 .ARM.attributes
                0x000000000000033b       0x39 Middlewares/ST/STM32_USB_Device_Library/Core/Src/usbd_ctlreq.o
 .ARM.attributes
                0x0000000000000374       0x39 Middlewares/ST/STM32_USB_Device_Library/Core/Src/usbd_ioreq.o
 .ARM.attributes
                0x00000000000003ad       0x39 Src/fifo.o
 .ARM.attributes
                0x00000000000003e6       0x39 Src/main.o
 .ARM.attributes
                0x000000000000041f       0x39 Src/stm32f3xx_hal_msp.o
 .ARM.attributes
                0x0000000000000458       0x39 Src/stm32f3xx_it.o
 .ARM.attributes
                0x0000000000000491       0x39 Src/system_stm32f3xx.o
 .ARM.attributes
                0x00000000000004ca       0x39 Src/usb_device.o
 .ARM.attributes
                0x0000000000000503       0x39 Src/usbd_cdc_if.o
 .ARM.attributes
                0x000000000000053c       0x39 Src/usbd_conf.o
 .ARM.attributes
                0x0000000000000575       0x39 Src/usbd_desc.o
 .ARM.attributes
                0x00000000000005ae       0x21 Startup/startup_stm32f373cbtx.o
 .ARM.attributes
                0x00000000000005cf       0x34 c:/program files/stm32cubeide_1.0.2/stm32cubeide/plugins/com.st.stm32cube.ide.mcu.externaltools.gnu-tools-for-stm32.7-2018-q2-update.win32_1.0.0.201904181610/tools/bin/../lib/gcc/arm-none-eabi/7.3.1/../../../../arm-none-eabi/lib/thumb/v7e-m/fpv4-sp/hard\libc_nano.a(lib_a-init.o)
 .ARM.attributes
                0x0000000000000603       0x34 c:/program files/stm32cubeide_1.0.2/stm32cubeide/plugins/com.st.stm32cube.ide.mcu.externaltools.gnu-tools-for-stm32.7-2018-q2-update.win32_1.0.0.201904181610/tools/bin/../lib/gcc/arm-none-eabi/7.3.1/../../../../arm-none-eabi/lib/thumb/v7e-m/fpv4-sp/hard\libc_nano.a(lib_a-memset.o)
 .ARM.attributes
                0x0000000000000637       0x22 c:/program files/stm32cubeide_1.0.2/stm32cubeide/plugins/com.st.stm32cube.ide.mcu.externaltools.gnu-tools-for-stm32.7-2018-q2-update.win32_1.0.0.201904181610/tools/bin/../lib/gcc/arm-none-eabi/7.3.1/thumb/v7e-m/fpv4-sp/hard/crtn.o
OUTPUT(F373_final1.elf elf32-littlearm)

.comment        0x0000000000000000       0x7b
 .comment       0x0000000000000000       0x7b Drivers/STM32F3xx_HAL_Driver/Src/stm32f3xx_hal.o
                                         0x7c (size before relaxing)
 .comment       0x000000000000007b       0x7c Drivers/STM32F3xx_HAL_Driver/Src/stm32f3xx_hal_cortex.o
 .comment       0x000000000000007b       0x7c Drivers/STM32F3xx_HAL_Driver/Src/stm32f3xx_hal_dma.o
 .comment       0x000000000000007b       0x7c Drivers/STM32F3xx_HAL_Driver/Src/stm32f3xx_hal_gpio.o
 .comment       0x000000000000007b       0x7c Drivers/STM32F3xx_HAL_Driver/Src/stm32f3xx_hal_pcd.o
 .comment       0x000000000000007b       0x7c Drivers/STM32F3xx_HAL_Driver/Src/stm32f3xx_hal_pcd_ex.o
 .comment       0x000000000000007b       0x7c Drivers/STM32F3xx_HAL_Driver/Src/stm32f3xx_hal_pwr_ex.o
 .comment       0x000000000000007b       0x7c Drivers/STM32F3xx_HAL_Driver/Src/stm32f3xx_hal_rcc.o
 .comment       0x000000000000007b       0x7c Drivers/STM32F3xx_HAL_Driver/Src/stm32f3xx_hal_rcc_ex.o
 .comment       0x000000000000007b       0x7c Drivers/STM32F3xx_HAL_Driver/Src/stm32f3xx_hal_sdadc.o
 .comment       0x000000000000007b       0x7c Drivers/STM32F3xx_HAL_Driver/Src/stm32f3xx_hal_spi.o
 .comment       0x000000000000007b       0x7c Middlewares/ST/STM32_USB_Device_Library/Class/CDC/Src/usbd_cdc.o
 .comment       0x000000000000007b       0x7c Middlewares/ST/STM32_USB_Device_Library/Core/Src/usbd_core.o
 .comment       0x000000000000007b       0x7c Middlewares/ST/STM32_USB_Device_Library/Core/Src/usbd_ctlreq.o
 .comment       0x000000000000007b       0x7c Middlewares/ST/STM32_USB_Device_Library/Core/Src/usbd_ioreq.o
 .comment       0x000000000000007b       0x7c Src/fifo.o
 .comment       0x000000000000007b       0x7c Src/main.o
 .comment       0x000000000000007b       0x7c Src/stm32f3xx_hal_msp.o
 .comment       0x000000000000007b       0x7c Src/stm32f3xx_it.o
 .comment       0x000000000000007b       0x7c Src/system_stm32f3xx.o
 .comment       0x000000000000007b       0x7c Src/usb_device.o
 .comment       0x000000000000007b       0x7c Src/usbd_cdc_if.o
 .comment       0x000000000000007b       0x7c Src/usbd_conf.o
 .comment       0x000000000000007b       0x7c Src/usbd_desc.o

.debug_frame    0x0000000000000000       0x4c
 .debug_frame   0x0000000000000000       0x2c c:/program files/stm32cubeide_1.0.2/stm32cubeide/plugins/com.st.stm32cube.ide.mcu.externaltools.gnu-tools-for-stm32.7-2018-q2-update.win32_1.0.0.201904181610/tools/bin/../lib/gcc/arm-none-eabi/7.3.1/../../../../arm-none-eabi/lib/thumb/v7e-m/fpv4-sp/hard\libc_nano.a(lib_a-init.o)
 .debug_frame   0x000000000000002c       0x20 c:/program files/stm32cubeide_1.0.2/stm32cubeide/plugins/com.st.stm32cube.ide.mcu.externaltools.gnu-tools-for-stm32.7-2018-q2-update.win32_1.0.0.201904181610/tools/bin/../lib/gcc/arm-none-eabi/7.3.1/../../../../arm-none-eabi/lib/thumb/v7e-m/fpv4-sp/hard\libc_nano.a(lib_a-memset.o)
